1684957305796 1
1684957316743 2
1684957319078 1
1684957464318 1
1684957477983 1
1684957478914 2
1684957484227 3
1684957485956 4
1684957487201 5
1684957488097 6
1684957488893 7
1684957491154 0
1684957507739 1
1684957656629 1
1684957682275 1
1684957683787 2
1684957684552 3
1684957685135 4
1684957686310 5
1684957687357 6
1684957689012 clear
1684957690515 clear
1684957716528 1
1684957757243 covid_data.csv
1684957758457 1
1684957761161 1
1684957762245 2
1684957763336 3
1684957764060 4
1684957765085 5
1684957766049 6
1684957823344 population.csv
1684957823346 covid_data.csv
1684957826903 1
1684957829253 2
1684957831058 3
1684957870030 population.csv
1684957870033 covid_data.csv
1684957871206 1
1684957872592 2
